mode: atomic
pascal-tech-dev/calczzle-backend/internal/health/controller.go:9.24,11.2 1 1
pascal-tech-dev/calczzle-backend/internal/health/controller.go:14.52,16.2 1 1
pascal-tech-dev/calczzle-backend/internal/health/controller.go:19.49,23.2 1 1
pascal-tech-dev/calczzle-backend/internal/calculator/service/service.go:9.21,11.2 1 2
pascal-tech-dev/calczzle-backend/internal/calculator/service/service.go:14.59,16.16 2 14
pascal-tech-dev/calczzle-backend/internal/calculator/service/service.go:16.16,18.3 1 1
pascal-tech-dev/calczzle-backend/internal/calculator/service/service.go:20.2,21.16 2 13
pascal-tech-dev/calczzle-backend/internal/calculator/service/service.go:21.16,23.3 1 3
pascal-tech-dev/calczzle-backend/internal/calculator/service/service.go:25.2,25.44 1 10
pascal-tech-dev/calczzle-backend/internal/calculator/expression/evaluator.go:11.55,12.22 1 25
pascal-tech-dev/calczzle-backend/internal/calculator/expression/evaluator.go:12.22,14.3 1 1
pascal-tech-dev/calczzle-backend/internal/calculator/expression/evaluator.go:16.2,18.31 2 24
pascal-tech-dev/calczzle-backend/internal/calculator/expression/evaluator.go:18.31,19.21 1 86
pascal-tech-dev/calczzle-backend/internal/calculator/expression/evaluator.go:20.20,22.18 2 48
pascal-tech-dev/calczzle-backend/internal/calculator/expression/evaluator.go:22.18,24.5 1 0
pascal-tech-dev/calczzle-backend/internal/calculator/expression/evaluator.go:25.4,25.21 1 48
pascal-tech-dev/calczzle-backend/internal/calculator/expression/evaluator.go:27.22,28.39 1 31
pascal-tech-dev/calczzle-backend/internal/calculator/expression/evaluator.go:28.39,29.66 1 6
pascal-tech-dev/calczzle-backend/internal/calculator/expression/evaluator.go:29.66,31.6 1 6
pascal-tech-dev/calczzle-backend/internal/calculator/expression/evaluator.go:31.20,33.6 1 0
pascal-tech-dev/calczzle-backend/internal/calculator/expression/evaluator.go:34.5,34.13 1 6
pascal-tech-dev/calczzle-backend/internal/calculator/expression/evaluator.go:36.4,36.58 1 25
pascal-tech-dev/calczzle-backend/internal/calculator/expression/evaluator.go:36.58,38.5 1 5
pascal-tech-dev/calczzle-backend/internal/calculator/expression/evaluator.go:40.24,41.65 1 2
pascal-tech-dev/calczzle-backend/internal/calculator/expression/evaluator.go:41.65,43.5 1 2
pascal-tech-dev/calczzle-backend/internal/calculator/expression/evaluator.go:43.19,45.5 1 0
pascal-tech-dev/calczzle-backend/internal/calculator/expression/evaluator.go:47.22,48.29 1 4
pascal-tech-dev/calczzle-backend/internal/calculator/expression/evaluator.go:48.29,50.5 1 0
pascal-tech-dev/calczzle-backend/internal/calculator/expression/evaluator.go:51.4,51.65 1 4
pascal-tech-dev/calczzle-backend/internal/calculator/expression/evaluator.go:51.65,52.14 1 4
pascal-tech-dev/calczzle-backend/internal/calculator/expression/evaluator.go:52.14,54.6 1 2
pascal-tech-dev/calczzle-backend/internal/calculator/expression/evaluator.go:55.5,55.29 1 2
pascal-tech-dev/calczzle-backend/internal/calculator/expression/evaluator.go:56.19,58.5 1 2
pascal-tech-dev/calczzle-backend/internal/calculator/expression/evaluator.go:60.11,61.34 1 1
pascal-tech-dev/calczzle-backend/internal/calculator/expression/evaluator.go:65.2,65.22 1 16
pascal-tech-dev/calczzle-backend/internal/calculator/expression/evaluator.go:65.22,67.3 1 1
pascal-tech-dev/calczzle-backend/internal/calculator/expression/evaluator.go:69.2,70.49 2 15
pascal-tech-dev/calczzle-backend/internal/calculator/expression/evaluator.go:70.49,72.3 1 0
pascal-tech-dev/calczzle-backend/internal/calculator/expression/evaluator.go:73.2,73.20 1 15
pascal-tech-dev/calczzle-backend/internal/calculator/expression/evaluator.go:76.62,78.16 2 25
pascal-tech-dev/calczzle-backend/internal/calculator/expression/evaluator.go:78.16,80.3 1 1
pascal-tech-dev/calczzle-backend/internal/calculator/expression/evaluator.go:82.2,83.12 2 24
pascal-tech-dev/calczzle-backend/internal/calculator/expression/evaluator.go:84.11,85.24 1 6
pascal-tech-dev/calczzle-backend/internal/calculator/expression/evaluator.go:86.11,87.24 1 3
pascal-tech-dev/calczzle-backend/internal/calculator/expression/evaluator.go:88.11,89.24 1 6
pascal-tech-dev/calczzle-backend/internal/calculator/expression/evaluator.go:90.11,91.17 1 2
pascal-tech-dev/calczzle-backend/internal/calculator/expression/evaluator.go:91.17,93.4 1 2
pascal-tech-dev/calczzle-backend/internal/calculator/expression/evaluator.go:94.3,94.24 1 0
pascal-tech-dev/calczzle-backend/internal/calculator/expression/evaluator.go:95.11,97.50 2 6
pascal-tech-dev/calczzle-backend/internal/calculator/expression/evaluator.go:97.50,99.4 1 1
pascal-tech-dev/calczzle-backend/internal/calculator/expression/evaluator.go:100.10,101.30 1 1
pascal-tech-dev/calczzle-backend/internal/calculator/expression/evaluator.go:104.2,105.12 2 20
pascal-tech-dev/calczzle-backend/internal/calculator/expression/evaluator.go:108.85,110.16 2 12
pascal-tech-dev/calczzle-backend/internal/calculator/expression/evaluator.go:110.16,112.3 1 0
pascal-tech-dev/calczzle-backend/internal/calculator/expression/evaluator.go:113.2,114.16 2 12
pascal-tech-dev/calczzle-backend/internal/calculator/expression/evaluator.go:114.16,116.3 1 2
pascal-tech-dev/calczzle-backend/internal/calculator/expression/evaluator.go:117.2,118.12 2 10
pascal-tech-dev/calczzle-backend/internal/calculator/expression/evaluator.go:121.57,123.9 2 62
pascal-tech-dev/calczzle-backend/internal/calculator/expression/evaluator.go:123.9,125.3 1 1
pascal-tech-dev/calczzle-backend/internal/calculator/expression/evaluator.go:126.2,126.19 1 61
pascal-tech-dev/calczzle-backend/internal/calculator/expression/evaluator.go:129.73,131.16 2 25
pascal-tech-dev/calczzle-backend/internal/calculator/expression/evaluator.go:131.16,133.3 1 0
pascal-tech-dev/calczzle-backend/internal/calculator/expression/evaluator.go:134.2,135.16 2 25
pascal-tech-dev/calczzle-backend/internal/calculator/expression/evaluator.go:135.16,137.3 1 1
pascal-tech-dev/calczzle-backend/internal/calculator/expression/evaluator.go:138.2,138.25 1 24
pascal-tech-dev/calczzle-backend/internal/calculator/expression/function.go:5.44,7.2 1 14
pascal-tech-dev/calczzle-backend/internal/calculator/expression/operator.go:30.53,33.2 2 76
pascal-tech-dev/calczzle-backend/internal/calculator/expression/parser.go:10.49,11.22 1 58
pascal-tech-dev/calczzle-backend/internal/calculator/expression/parser.go:11.22,13.3 1 2
pascal-tech-dev/calczzle-backend/internal/calculator/expression/parser.go:15.2,19.31 4 56
pascal-tech-dev/calczzle-backend/internal/calculator/expression/parser.go:19.31,20.21 1 218
pascal-tech-dev/calczzle-backend/internal/calculator/expression/parser.go:21.20,22.22 1 97
pascal-tech-dev/calczzle-backend/internal/calculator/expression/parser.go:22.22,24.5 1 2
pascal-tech-dev/calczzle-backend/internal/calculator/expression/parser.go:25.4,26.25 2 95
pascal-tech-dev/calczzle-backend/internal/calculator/expression/parser.go:28.22,29.22 1 10
pascal-tech-dev/calczzle-backend/internal/calculator/expression/parser.go:29.22,31.5 1 0
pascal-tech-dev/calczzle-backend/internal/calculator/expression/parser.go:32.4,32.41 1 10
pascal-tech-dev/calczzle-backend/internal/calculator/expression/parser.go:32.41,34.5 1 1
pascal-tech-dev/calczzle-backend/internal/calculator/expression/parser.go:35.4,35.21 1 9
pascal-tech-dev/calczzle-backend/internal/calculator/expression/parser.go:37.29,38.22 1 19
pascal-tech-dev/calczzle-backend/internal/calculator/expression/parser.go:38.22,40.5 1 1
pascal-tech-dev/calczzle-backend/internal/calculator/expression/parser.go:41.4,41.21 1 18
pascal-tech-dev/calczzle-backend/internal/calculator/expression/parser.go:43.30,44.21 1 18
pascal-tech-dev/calczzle-backend/internal/calculator/expression/parser.go:44.21,46.5 1 2
pascal-tech-dev/calczzle-backend/internal/calculator/expression/parser.go:47.4,47.59 1 16
pascal-tech-dev/calczzle-backend/internal/calculator/expression/parser.go:47.59,49.5 1 1
pascal-tech-dev/calczzle-backend/internal/calculator/expression/parser.go:50.4,50.25 1 15
pascal-tech-dev/calczzle-backend/internal/calculator/expression/parser.go:52.24,53.21 1 5
pascal-tech-dev/calczzle-backend/internal/calculator/expression/parser.go:53.21,55.5 1 2
pascal-tech-dev/calczzle-backend/internal/calculator/expression/parser.go:56.4,56.25 1 3
pascal-tech-dev/calczzle-backend/internal/calculator/expression/parser.go:58.22,59.21 1 68
pascal-tech-dev/calczzle-backend/internal/calculator/expression/parser.go:59.21,60.61 1 16
pascal-tech-dev/calczzle-backend/internal/calculator/expression/parser.go:60.61,62.6 1 2
pascal-tech-dev/calczzle-backend/internal/calculator/expression/parser.go:63.5,63.13 1 14
pascal-tech-dev/calczzle-backend/internal/calculator/expression/parser.go:65.4,65.69 1 52
pascal-tech-dev/calczzle-backend/internal/calculator/expression/parser.go:65.69,67.5 1 1
pascal-tech-dev/calczzle-backend/internal/calculator/expression/parser.go:68.4,68.24 1 51
pascal-tech-dev/calczzle-backend/internal/calculator/expression/parser.go:70.11,71.43 1 1
pascal-tech-dev/calczzle-backend/internal/calculator/expression/parser.go:75.2,75.19 1 43
pascal-tech-dev/calczzle-backend/internal/calculator/expression/parser.go:75.19,77.3 1 4
pascal-tech-dev/calczzle-backend/internal/calculator/expression/parser.go:79.2,79.23 1 39
pascal-tech-dev/calczzle-backend/internal/calculator/expression/parser.go:79.23,81.19 2 39
pascal-tech-dev/calczzle-backend/internal/calculator/expression/parser.go:82.29,83.52 1 1
pascal-tech-dev/calczzle-backend/internal/calculator/expression/parser.go:84.22,85.52 1 1
pascal-tech-dev/calczzle-backend/internal/calculator/expression/parser.go:86.22,87.23 1 37
pascal-tech-dev/calczzle-backend/internal/calculator/expression/parser.go:88.11,89.61 1 0
pascal-tech-dev/calczzle-backend/internal/calculator/expression/parser.go:93.2,93.32 1 37
pascal-tech-dev/calczzle-backend/internal/calculator/expression/parser.go:96.70,97.21 1 16
pascal-tech-dev/calczzle-backend/internal/calculator/expression/parser.go:98.11,100.13 1 3
pascal-tech-dev/calczzle-backend/internal/calculator/expression/parser.go:101.11,107.13 2 11
pascal-tech-dev/calczzle-backend/internal/calculator/expression/parser.go:108.10,109.43 1 2
pascal-tech-dev/calczzle-backend/internal/calculator/expression/parser.go:113.97,115.9 2 52
pascal-tech-dev/calczzle-backend/internal/calculator/expression/parser.go:115.9,117.3 1 1
pascal-tech-dev/calczzle-backend/internal/calculator/expression/parser.go:119.2,119.6 1 51
pascal-tech-dev/calczzle-backend/internal/calculator/expression/parser.go:119.6,121.41 2 61
pascal-tech-dev/calczzle-backend/internal/calculator/expression/parser.go:121.41,122.9 1 51
pascal-tech-dev/calczzle-backend/internal/calculator/expression/parser.go:124.3,125.22 2 10
pascal-tech-dev/calczzle-backend/internal/calculator/expression/parser.go:128.2,129.12 2 51
pascal-tech-dev/calczzle-backend/internal/calculator/expression/parser.go:132.59,134.9 2 27
pascal-tech-dev/calczzle-backend/internal/calculator/expression/parser.go:134.9,136.3 1 11
pascal-tech-dev/calczzle-backend/internal/calculator/expression/parser.go:138.2,138.44 1 16
pascal-tech-dev/calczzle-backend/internal/calculator/expression/parser.go:138.44,140.3 1 8
pascal-tech-dev/calczzle-backend/internal/calculator/expression/parser.go:141.2,141.47 1 8
pascal-tech-dev/calczzle-backend/internal/calculator/expression/parser.go:144.59,145.33 1 27
pascal-tech-dev/calczzle-backend/internal/calculator/expression/parser.go:145.33,147.3 1 11
pascal-tech-dev/calczzle-backend/internal/calculator/expression/parser.go:148.2,148.36 1 16
pascal-tech-dev/calczzle-backend/internal/calculator/expression/parser.go:151.81,154.23 2 16
pascal-tech-dev/calczzle-backend/internal/calculator/expression/parser.go:154.23,157.39 2 26
pascal-tech-dev/calczzle-backend/internal/calculator/expression/parser.go:157.39,159.9 2 15
pascal-tech-dev/calczzle-backend/internal/calculator/expression/parser.go:161.3,161.32 1 11
pascal-tech-dev/calczzle-backend/internal/calculator/expression/parser.go:161.32,163.4 1 0
pascal-tech-dev/calczzle-backend/internal/calculator/expression/parser.go:164.3,164.22 1 11
pascal-tech-dev/calczzle-backend/internal/calculator/expression/parser.go:167.2,167.12 1 16
pascal-tech-dev/calczzle-backend/internal/calculator/expression/parser.go:167.12,169.3 1 1
pascal-tech-dev/calczzle-backend/internal/calculator/expression/parser.go:171.2,171.62 1 15
pascal-tech-dev/calczzle-backend/internal/calculator/expression/parser.go:171.62,174.3 2 6
pascal-tech-dev/calczzle-backend/internal/calculator/expression/parser.go:176.2,176.12 1 15
pascal-tech-dev/calczzle-backend/internal/calculator/expression/parser.go:179.46,181.19 2 37
pascal-tech-dev/calczzle-backend/internal/calculator/expression/parser.go:181.19,184.3 2 146
pascal-tech-dev/calczzle-backend/internal/calculator/expression/parser.go:185.2,185.15 1 37
pascal-tech-dev/calczzle-backend/internal/calculator/expression/tokenizer.go:9.46,13.49 3 88
pascal-tech-dev/calczzle-backend/internal/calculator/expression/tokenizer.go:13.49,16.10 2 571
pascal-tech-dev/calczzle-backend/internal/calculator/expression/tokenizer.go:17.35,18.14 1 193
pascal-tech-dev/calczzle-backend/internal/calculator/expression/tokenizer.go:19.55,21.18 2 173
pascal-tech-dev/calczzle-backend/internal/calculator/expression/tokenizer.go:21.18,23.5 1 12
pascal-tech-dev/calczzle-backend/internal/calculator/expression/tokenizer.go:24.4,25.27 2 161
pascal-tech-dev/calczzle-backend/internal/calculator/expression/tokenizer.go:26.37,28.18 2 15
pascal-tech-dev/calczzle-backend/internal/calculator/expression/tokenizer.go:28.18,30.5 1 0
pascal-tech-dev/calczzle-backend/internal/calculator/expression/tokenizer.go:31.4,32.27 2 15
pascal-tech-dev/calczzle-backend/internal/calculator/expression/tokenizer.go:33.30,39.14 2 113
pascal-tech-dev/calczzle-backend/internal/calculator/expression/tokenizer.go:40.25,46.14 2 36
pascal-tech-dev/calczzle-backend/internal/calculator/expression/tokenizer.go:47.25,53.14 2 32
pascal-tech-dev/calczzle-backend/internal/calculator/expression/tokenizer.go:54.25,60.14 2 7
pascal-tech-dev/calczzle-backend/internal/calculator/expression/tokenizer.go:61.11,62.62 1 2
pascal-tech-dev/calczzle-backend/internal/calculator/expression/tokenizer.go:66.2,66.22 1 74
pascal-tech-dev/calczzle-backend/internal/calculator/expression/tokenizer.go:66.22,68.3 1 2
pascal-tech-dev/calczzle-backend/internal/calculator/expression/tokenizer.go:70.2,70.20 1 72
pascal-tech-dev/calczzle-backend/internal/calculator/expression/tokenizer.go:74.75,79.33 4 173
pascal-tech-dev/calczzle-backend/internal/calculator/expression/tokenizer.go:79.33,82.10 2 363
pascal-tech-dev/calczzle-backend/internal/calculator/expression/tokenizer.go:83.27,85.14 2 215
pascal-tech-dev/calczzle-backend/internal/calculator/expression/tokenizer.go:86.34,87.25 1 31
pascal-tech-dev/calczzle-backend/internal/calculator/expression/tokenizer.go:87.25,89.5 1 10
pascal-tech-dev/calczzle-backend/internal/calculator/expression/tokenizer.go:90.4,91.14 2 21
pascal-tech-dev/calczzle-backend/internal/calculator/expression/tokenizer.go:92.11,93.23 1 117
pascal-tech-dev/calczzle-backend/internal/calculator/expression/tokenizer.go:98.2,98.21 1 163
pascal-tech-dev/calczzle-backend/internal/calculator/expression/tokenizer.go:98.21,100.3 1 2
pascal-tech-dev/calczzle-backend/internal/calculator/expression/tokenizer.go:102.2,108.18 2 161
pascal-tech-dev/calczzle-backend/internal/calculator/expression/tokenizer.go:112.79,115.42 2 15
pascal-tech-dev/calczzle-backend/internal/calculator/expression/tokenizer.go:115.42,117.3 1 63
pascal-tech-dev/calczzle-backend/internal/calculator/expression/tokenizer.go:119.2,127.18 2 15
pascal-tech-dev/calczzle-backend/internal/calculator/expression/tokenizer.go:131.35,133.2 1 363
pascal-tech-dev/calczzle-backend/internal/calculator/expression/tokenizer.go:136.42,138.2 1 148
pascal-tech-dev/calczzle-backend/internal/calculator/expression/tokenizer.go:141.45,143.2 1 205
pascal-tech-dev/calczzle-backend/internal/calculator/expression/tokenizer.go:146.44,148.2 1 77
pascal-tech-dev/calczzle-backend/internal/calculator/expression/tokenizer.go:151.38,152.19 1 190
pascal-tech-dev/calczzle-backend/internal/calculator/expression/tokenizer.go:153.50,154.14 1 113
pascal-tech-dev/calczzle-backend/internal/calculator/expression/tokenizer.go:156.10,157.15 1 77
pascal-tech-dev/calczzle-backend/internal/calculator/expression/tokenizer.go:162.47,163.19 1 113
pascal-tech-dev/calczzle-backend/internal/calculator/expression/tokenizer.go:164.12,165.13 1 2
pascal-tech-dev/calczzle-backend/internal/calculator/expression/tokenizer.go:167.12,168.13 1 2
pascal-tech-dev/calczzle-backend/internal/calculator/expression/tokenizer.go:170.13,171.13 1 2
pascal-tech-dev/calczzle-backend/internal/calculator/expression/tokenizer.go:173.10,174.27 1 107
pascal-tech-dev/calczzle-backend/pkg/queue.go:9.34,11.2 1 4
pascal-tech-dev/calczzle-backend/pkg/queue.go:14.36,16.2 1 6
pascal-tech-dev/calczzle-backend/pkg/queue.go:20.40,22.23 2 4
pascal-tech-dev/calczzle-backend/pkg/queue.go:22.23,24.3 1 1
pascal-tech-dev/calczzle-backend/pkg/queue.go:25.2,27.19 3 3
pascal-tech-dev/calczzle-backend/pkg/queue.go:32.37,34.23 2 2
pascal-tech-dev/calczzle-backend/pkg/queue.go:34.23,36.3 1 1
pascal-tech-dev/calczzle-backend/pkg/queue.go:37.2,37.25 1 1
pascal-tech-dev/calczzle-backend/pkg/queue.go:41.30,43.2 1 2
pascal-tech-dev/calczzle-backend/pkg/queue.go:46.35,48.2 1 3
pascal-tech-dev/calczzle-backend/pkg/stack.go:9.34,11.2 1 4
pascal-tech-dev/calczzle-backend/pkg/stack.go:14.33,16.2 1 6
pascal-tech-dev/calczzle-backend/pkg/stack.go:20.36,22.23 2 4
pascal-tech-dev/calczzle-backend/pkg/stack.go:22.23,24.3 1 1
pascal-tech-dev/calczzle-backend/pkg/stack.go:25.2,28.19 4 3
pascal-tech-dev/calczzle-backend/pkg/stack.go:33.37,35.23 2 2
pascal-tech-dev/calczzle-backend/pkg/stack.go:35.23,37.3 1 1
pascal-tech-dev/calczzle-backend/pkg/stack.go:38.2,38.38 1 1
pascal-tech-dev/calczzle-backend/pkg/stack.go:42.30,44.2 1 2
pascal-tech-dev/calczzle-backend/pkg/stack.go:47.35,49.2 1 3
pascal-tech-dev/calczzle-backend/internal/calculator/controller/controller.go:17.51,19.2 1 8
pascal-tech-dev/calczzle-backend/internal/calculator/controller/controller.go:22.52,24.46 2 8
pascal-tech-dev/calczzle-backend/internal/calculator/controller/controller.go:24.46,31.3 1 1
pascal-tech-dev/calczzle-backend/internal/calculator/controller/controller.go:33.2,34.22 2 7
pascal-tech-dev/calczzle-backend/internal/calculator/controller/controller.go:34.22,41.3 1 1
pascal-tech-dev/calczzle-backend/internal/calculator/controller/controller.go:43.2,44.16 2 6
pascal-tech-dev/calczzle-backend/internal/calculator/controller/controller.go:44.16,46.3 1 4
pascal-tech-dev/calczzle-backend/internal/calculator/controller/controller.go:48.2,48.63 1 2
pascal-tech-dev/calczzle-backend/internal/calculator/controller/response.go:22.36,25.16 3 2
pascal-tech-dev/calczzle-backend/internal/calculator/controller/response.go:25.16,27.3 1 0
pascal-tech-dev/calczzle-backend/internal/calculator/controller/response.go:28.2,28.16 1 2
pascal-tech-dev/calczzle-backend/internal/calculator/controller/routes.go:6.52,9.2 2 8
pascal-tech-dev/calczzle-backend/internal/platform/httpx/error_handler.go:12.51,20.2 2 6
pascal-tech-dev/calczzle-backend/internal/platform/httpx/error_handler.go:22.61,23.9 1 6
pascal-tech-dev/calczzle-backend/internal/platform/httpx/error_handler.go:24.52,25.97 1 1
pascal-tech-dev/calczzle-backend/internal/platform/httpx/error_handler.go:26.55,27.116 1 1
pascal-tech-dev/calczzle-backend/internal/platform/httpx/error_handler.go:28.57,29.90 1 1
pascal-tech-dev/calczzle-backend/internal/platform/httpx/error_handler.go:30.55,31.84 1 1
pascal-tech-dev/calczzle-backend/internal/platform/httpx/error_handler.go:34.2,35.31 2 2
pascal-tech-dev/calczzle-backend/internal/platform/httpx/error_handler.go:35.31,36.24 1 1
pascal-tech-dev/calczzle-backend/internal/platform/httpx/error_handler.go:37.29,38.85 1 0
pascal-tech-dev/calczzle-backend/internal/platform/httpx/error_handler.go:39.42,40.99 1 1
pascal-tech-dev/calczzle-backend/internal/platform/httpx/error_handler.go:41.11,42.82 1 0
pascal-tech-dev/calczzle-backend/internal/platform/httpx/error_handler.go:47.2,47.83 1 1
pascal-tech-dev/calczzle-backend/internal/app/app.go:20.38,35.2 7 2
pascal-tech-dev/calczzle-backend/cmd/api/main.go:10.13,14.54 3 0
pascal-tech-dev/calczzle-backend/cmd/api/main.go:14.54,16.3 1 0
pascal-tech-dev/calczzle-backend/internal/config/config.go:12.20,14.16 2 0
pascal-tech-dev/calczzle-backend/internal/config/config.go:14.16,16.3 1 0
pascal-tech-dev/calczzle-backend/internal/config/config.go:18.2,18.27 1 0
